../Core/Src/main.c:79:6:taskEventTime	24	static
../Core/Src/main.c:89:6:taskButton	40	static
../Core/Src/main.c:111:6:taskLed	24	static
../Core/Src/main.c:136:5:main	16	static
../Core/Src/main.c:239:6:SystemClock_Config	88	static
../Core/Src/main.c:294:13:MX_USART2_UART_Init	8	static
../Core/Src/main.c:327:13:MX_GPIO_Init	48	static
../Core/Src/main.c:370:6:StartDefaultTask	16	static
../Core/Src/main.c:391:6:HAL_TIM_PeriodElapsedCallback	16	static
../Core/Src/main.c:408:6:Error_Handler	4	static,ignoring_inline_asm
