../Core/Src/main.c:74:6:led_task	16	static
../Core/Src/main.c:82:6:serial_task	56	static
../Core/Src/main.c:99:5:main	16	static
../Core/Src/main.c:184:6:SystemClock_Config	88	static
../Core/Src/main.c:238:13:MX_TIM2_Init	32	static
../Core/Src/main.c:283:13:MX_USART2_UART_Init	8	static
../Core/Src/main.c:316:13:MX_GPIO_Init	48	static
../Core/Src/main.c:361:6:StartDefaultTask	16	static
../Core/Src/main.c:380:6:HAL_TIM_PeriodElapsedCallback	24	static,ignoring_inline_asm
../Core/Src/main.c:402:6:Error_Handler	4	static,ignoring_inline_asm
