../Core/Src/main.c:94:6:enviar_string_a_cola	2
../Core/Src/main.c:102:6:HAL_UART_RxCpltCallback	3
../Core/Src/main.c:119:6:HAL_UART_TxCpltCallback	4
../Core/Src/main.c:136:6:serial_receive_task	14
../Core/Src/main.c:260:6:serial_send_task	3
../Core/Src/main.c:276:6:tarea_botones	7
../Core/Src/main.c:312:5:main	1
../Core/Src/main.c:401:6:SystemClock_Config	3
../Core/Src/main.c:446:13:MX_USART2_UART_Init	2
../Core/Src/main.c:477:13:MX_GPIO_Init	1
../Core/Src/main.c:542:6:StartDefaultTask	1
../Core/Src/main.c:559:6:HAL_TIM_PeriodElapsedCallback	2
../Core/Src/main.c:575:6:Error_Handler	1
