../Core/Src/main.c:94:6:enviar_string_a_cola	24	static
../Core/Src/main.c:102:6:HAL_UART_RxCpltCallback	24	static,ignoring_inline_asm
../Core/Src/main.c:119:6:HAL_UART_TxCpltCallback	24	static,ignoring_inline_asm
../Core/Src/main.c:136:6:serial_receive_task	64	static
../Core/Src/main.c:260:6:serial_send_task	24	static
../Core/Src/main.c:276:6:tarea_botones	48	static
../Core/Src/main.c:312:5:main	16	static
../Core/Src/main.c:401:6:SystemClock_Config	88	static
../Core/Src/main.c:446:13:MX_USART2_UART_Init	8	static
../Core/Src/main.c:477:13:MX_GPIO_Init	48	static
../Core/Src/main.c:542:6:StartDefaultTask	16	static
../Core/Src/main.c:559:6:HAL_TIM_PeriodElapsedCallback	16	static
../Core/Src/main.c:575:6:Error_Handler	4	static,ignoring_inline_asm
