../Core/Src/main.c:94:6:enviar_string_a_cola	24	static
../Core/Src/main.c:102:6:HAL_UART_RxCpltCallback	24	static,ignoring_inline_asm
../Core/Src/main.c:118:6:HAL_UART_TxCpltCallback	24	static,ignoring_inline_asm
../Core/Src/main.c:135:6:serial_receive_task	64	static
../Core/Src/main.c:259:6:serial_send_task	24	static
../Core/Src/main.c:275:6:tarea_botones	48	static
../Core/Src/main.c:311:5:main	16	static
../Core/Src/main.c:400:6:SystemClock_Config	88	static
../Core/Src/main.c:445:13:MX_USART2_UART_Init	8	static
../Core/Src/main.c:476:13:MX_GPIO_Init	48	static
../Core/Src/main.c:541:6:StartDefaultTask	16	static
../Core/Src/main.c:558:6:HAL_TIM_PeriodElapsedCallback	16	static
../Core/Src/main.c:574:6:Error_Handler	4	static,ignoring_inline_asm
