../Core/Src/main.c:77:6:HAL_GPIO_EXTI_Callback	24	static,ignoring_inline_asm
../Core/Src/main.c:89:6:tarea_led	24	static
../Core/Src/main.c:101:6:tarea_boton	24	static
../Core/Src/main.c:129:5:main	16	static
../Core/Src/main.c:226:6:SystemClock_Config	88	static
../Core/Src/main.c:274:13:MX_USART2_UART_Init	8	static
../Core/Src/main.c:307:13:MX_GPIO_Init	48	static
../Core/Src/main.c:376:6:StartDefaultTask	16	static
../Core/Src/main.c:395:6:HAL_TIM_PeriodElapsedCallback	16	static
../Core/Src/main.c:413:6:Error_Handler	4	static,ignoring_inline_asm
