../Core/Src/main.c:81:6:led_task	1
../Core/Src/main.c:89:6:serial_receive_task	2
../Core/Src/main.c:108:6:serial_send_task	2
../Core/Src/main.c:120:6:HAL_UART_RxCpltCallback	3
../Core/Src/main.c:129:6:HAL_UART_TxCpltCallback	4
../Core/Src/main.c:147:5:main	1
../Core/Src/main.c:236:6:SystemClock_Config	4
../Core/Src/main.c:290:13:MX_TIM2_Init	4
../Core/Src/main.c:335:13:MX_USART2_UART_Init	2
../Core/Src/main.c:368:13:MX_GPIO_Init	1
../Core/Src/main.c:413:6:StartDefaultTask	1
../Core/Src/main.c:432:6:HAL_TIM_PeriodElapsedCallback	4
../Core/Src/main.c:454:6:Error_Handler	1
